{
  "version": "1.5.0",
  "plugins_used": [
    {
      "name": "ArtifactoryDetector"
    },
    {
      "name": "AWSKeyDetector"
    },
    {
      "name": "AzureStorageKeyDetector"
    },
    {
      "name": "Base64HighEntropyString",
      "limit": 4.5
    },
    {
      "name": "BasicAuthDetector"
    },
    {
      "name": "CloudantDetector"
    },
    {
      "name": "DiscordBotTokenDetector"
    },
    {
      "name": "GitHubTokenDetector"
    },
    {
      "name": "GitLabTokenDetector"
    },
    {
      "name": "HexHighEntropyString",
      "limit": 3.0
    },
    {
      "name": "IbmCloudIamDetector"
    },
    {
      "name": "IbmCosHmacDetector"
    },
    {
      "name": "IPPublicDetector"
    },
    {
      "name": "JwtTokenDetector"
    },
    {
      "name": "KeywordDetector",
      "keyword_exclude": ""
    },
    {
      "name": "MailchimpDetector"
    },
    {
      "name": "NpmDetector"
    },
    {
      "name": "OpenAIDetector"
    },
    {
      "name": "PrivateKeyDetector"
    },
    {
      "name": "PypiTokenDetector"
    },
    {
      "name": "SendGridDetector"
    },
    {
      "name": "SlackDetector"
    },
    {
      "name": "SoftlayerDetector"
    },
    {
      "name": "SquareOAuthDetector"
    },
    {
      "name": "StripeDetector"
    },
    {
      "name": "TelegramBotTokenDetector"
    },
    {
      "name": "TwilioKeyDetector"
    }
  ],
  "filters_used": [
    {
      "path": "detect_secrets.filters.allowlist.is_line_allowlisted"
    },
    {
      "path": "detect_secrets.filters.common.is_baseline_file",
      "filename": ".secrets.baseline"
    },
    {
      "path": "detect_secrets.filters.common.is_ignored_due_to_verification_policies",
      "min_level": 2
    },
    {
      "path": "detect_secrets.filters.heuristic.is_indirect_reference"
    },
    {
      "path": "detect_secrets.filters.heuristic.is_likely_id_string"
    },
    {
      "path": "detect_secrets.filters.heuristic.is_lock_file"
    },
    {
      "path": "detect_secrets.filters.heuristic.is_not_alphanumeric_string"
    },
    {
      "path": "detect_secrets.filters.heuristic.is_potential_uuid"
    },
    {
      "path": "detect_secrets.filters.heuristic.is_prefixed_with_dollar_sign"
    },
    {
      "path": "detect_secrets.filters.heuristic.is_sequential_string"
    },
    {
      "path": "detect_secrets.filters.heuristic.is_swagger_file"
    },
    {
      "path": "detect_secrets.filters.heuristic.is_templated_secret"
    },
    {
      "path": "detect_secrets.filters.regex.should_exclude_file",
      "pattern": [
        "tests/|\\.env\\.example|\\.env\\.local|list_gemini_models\\.py"
      ]
    }
  ],
  "results": {
    ".agents/explorer_m1/TEST_INFRA.md": [
      {
        "type": "Basic Auth Credentials",
        "filename": ".agents/explorer_m1/TEST_INFRA.md",
        "hashed_secret": "2b9f63922d422a45144103186a1e036064ee2a4e",
        "is_verified": false,
        "line_number": 43
      }
    ],
    ".agents/explorer_m1/handoff.md": [
      {
        "type": "Basic Auth Credentials",
        "filename": ".agents/explorer_m1/handoff.md",
        "hashed_secret": "2b9f63922d422a45144103186a1e036064ee2a4e",
        "is_verified": false,
        "line_number": 27
      }
    ],
    ".github/workflows/batch-worker.yml": [
      {
        "type": "Secret Keyword",
        "filename": ".github/workflows/batch-worker.yml",
        "hashed_secret": "e9e2f7fc3524c683f3823d90b015c4c244990fb7",
        "is_verified": false,
        "line_number": 98
      },
      {
        "type": "Secret Keyword",
        "filename": ".github/workflows/batch-worker.yml",
        "hashed_secret": "7cb6efb98ba5972a9b5090dc2e517fe14d12cb04",
        "is_verified": false,
        "line_number": 112
      }
    ],
    ".github/workflows/ci-cd.yml": [
      {
        "type": "Secret Keyword",
        "filename": ".github/workflows/ci-cd.yml",
        "hashed_secret": "5118a6721381d03cdce334bec98a3192fcf67336",
        "is_verified": false,
        "line_number": 26
      },
      {
        "type": "Basic Auth Credentials",
        "filename": ".github/workflows/ci-cd.yml",
        "hashed_secret": "5118a6721381d03cdce334bec98a3192fcf67336",
        "is_verified": false,
        "line_number": 49
      },
      {
        "type": "Secret Keyword",
        "filename": ".github/workflows/ci-cd.yml",
        "hashed_secret": "109b430e46d7a911ce8cd675b25e30c98b5e66f6",
        "is_verified": false,
        "line_number": 121
      }
    ],
    ".github/workflows/offload-backfill.yml": [
      {
        "type": "Secret Keyword",
        "filename": ".github/workflows/offload-backfill.yml",
        "hashed_secret": "e6a646858cc2e44a0d1b83074d8beb85f82bb544",
        "is_verified": false,
        "line_number": 81
      }
    ],
    "SECURITY_GUIDELINES.md": [
      {
        "type": "Basic Auth Credentials",
        "filename": "SECURITY_GUIDELINES.md",
        "hashed_secret": "5baa61e4c9b93f3f0682250b6cf8331b7ee68fd8",
        "is_verified": false,
        "line_number": 103
      }
    ],
    "alembic.ini": [
      {
        "type": "Basic Auth Credentials",
        "filename": "alembic.ini",
        "hashed_secret": "9d4e1e23bd5b727046a9e3b4b7db57bd8d6ee684",
        "is_verified": false,
        "line_number": 89
      }
    ],
    "deploy/BACKUP_README.md": [
      {
        "type": "Basic Auth Credentials",
        "filename": "deploy/BACKUP_README.md",
        "hashed_secret": "5baa61e4c9b93f3f0682250b6cf8331b7ee68fd8",
        "is_verified": false,
        "line_number": 23
      }
    ],
    "deploy/production_config.example": [
      {
        "type": "Basic Auth Credentials",
        "filename": "deploy/production_config.example",
        "hashed_secret": "d8963c72dc83cc83ae7679dc03dcef7e0cfad8be",
        "is_verified": false,
        "line_number": 33
      }
    ],
    "deploy/production_deploy.sh": [
      {
        "type": "Secret Keyword",
        "filename": "deploy/production_deploy.sh",
        "hashed_secret": "02d77d6a56e52e535eb9bb8868fbbfcd8292f826",
        "is_verified": false,
        "line_number": 303
      }
    ],
    "docs/API_DOCUMENTATION.md": [
      {
        "type": "Secret Keyword",
        "filename": "docs/API_DOCUMENTATION.md",
        "hashed_secret": "c64f423dda3602ef5e2cede27e0520cd505166bc",
        "is_verified": false,
        "line_number": 475
      },
      {
        "type": "Secret Keyword",
        "filename": "docs/API_DOCUMENTATION.md",
        "hashed_secret": "89a6cfe2a229151e8055abee107d45ed087bbb4f",
        "is_verified": false,
        "line_number": 522
      }
    ],
    "docs/DEPLOYMENT_CHECKLIST.md": [
      {
        "type": "Basic Auth Credentials",
        "filename": "docs/DEPLOYMENT_CHECKLIST.md",
        "hashed_secret": "5baa61e4c9b93f3f0682250b6cf8331b7ee68fd8",
        "is_verified": false,
        "line_number": 281
      }
    ],
    "docs/audits/TEST_INFRA.md": [
      {
        "type": "Basic Auth Credentials",
        "filename": "docs/audits/TEST_INFRA.md",
        "hashed_secret": "2b9f63922d422a45144103186a1e036064ee2a4e",
        "is_verified": false,
        "line_number": 43
      }
    ],
    "migrate_systemd_import.sh": [
      {
        "type": "Secret Keyword",
        "filename": "migrate_systemd_import.sh",
        "hashed_secret": "2ac1ec1a30cb1889ae705c3342e2f0ffe6fe1250",
        "is_verified": false,
        "line_number": 46
      }
    ],
    "migrations/versions/02c58f04407a_add_directional_columns_to_relationships.py": [
      {
        "type": "Hex High Entropy String",
        "filename": "migrations/versions/02c58f04407a_add_directional_columns_to_relationships.py",
        "hashed_secret": "28d4b982da750a3a56ced83a31882b555d4b820a",
        "is_verified": false,
        "line_number": 14
      }
    ],
    "migrations/versions/0ac29fdc82e0_add_metadata_to_daily_briefings.py": [
      {
        "type": "Hex High Entropy String",
        "filename": "migrations/versions/0ac29fdc82e0_add_metadata_to_daily_briefings.py",
        "hashed_secret": "816aa733d307f1efe931bf86012f5b6c55ac6c16",
        "is_verified": false,
        "line_number": 14
      }
    ],
    "migrations/versions/238ae1b3d204_add_lang_to_summaries.py": [
      {
        "type": "Hex High Entropy String",
        "filename": "migrations/versions/238ae1b3d204_add_lang_to_summaries.py",
        "hashed_secret": "606ba5b9fc5bfe8f4d9fe003bd1d74cc79cc8de7",
        "is_verified": false,
        "line_number": 15
      }
    ],
    "migrations/versions/24434f8a57fc_add_indexes_and_storyline_centroid.py": [
      {
        "type": "Hex High Entropy String",
        "filename": "migrations/versions/24434f8a57fc_add_indexes_and_storyline_centroid.py",
        "hashed_secret": "5cb92a0729fdfbc3862ee1bbb765b851234928ba",
        "is_verified": false,
        "line_number": 13
      }
    ],
    "migrations/versions/438101a6575f_init.py": [
      {
        "type": "Hex High Entropy String",
        "filename": "migrations/versions/438101a6575f_init.py",
        "hashed_secret": "624a15560daadad0220f55ca51dd5ca6b79159d2",
        "is_verified": false,
        "line_number": 12
      }
    ],
    "migrations/versions/472c0aa46965_recover_delivery_tables.py": [
      {
        "type": "Hex High Entropy String",
        "filename": "migrations/versions/472c0aa46965_recover_delivery_tables.py",
        "hashed_secret": "ea94f16136fbbbd1a80fa98852fa0267d9428b5c",
        "is_verified": false,
        "line_number": 14
      }
    ],
    "migrations/versions/47af8e3d997a_add_full_content_to_articles.py": [
      {
        "type": "Hex High Entropy String",
        "filename": "migrations/versions/47af8e3d997a_add_full_content_to_articles.py",
        "hashed_secret": "0a66b7daf6ab873c6ff55341e45a8650dca3f2a0",
        "is_verified": false,
        "line_number": 14
      }
    ],
    "migrations/versions/8d3f7a6c1b92_split_newsletter_subscriptions_by_locale.py": [
      {
        "type": "Hex High Entropy String",
        "filename": "migrations/versions/8d3f7a6c1b92_split_newsletter_subscriptions_by_locale.py",
        "hashed_secret": "c668ee5acfc3c184392a9bf6d3003330afbee7c6",
        "is_verified": false,
        "line_number": 14
      }
    ],
    "migrations/versions/a1b2c3d4e5f6_simplify_schema_mk_only.py": [
      {
        "type": "Hex High Entropy String",
        "filename": "migrations/versions/a1b2c3d4e5f6_simplify_schema_mk_only.py",
        "hashed_secret": "ef678205593788329ff416ce5c65fa04f33a05bd",
        "is_verified": false,
        "line_number": 16
      }
    ],
    "migrations/versions/add_language_to_daily_briefings.py": [
      {
        "type": "Hex High Entropy String",
        "filename": "migrations/versions/add_language_to_daily_briefings.py",
        "hashed_secret": "e0844582613d5075ad3fc26b23cf0ddbca7a07c9",
        "is_verified": false,
        "line_number": 6
      }
    ],
    "migrations/versions/b2c3d4e5f6a7_restore_feed_sources.py": [
      {
        "type": "Hex High Entropy String",
        "filename": "migrations/versions/b2c3d4e5f6a7_restore_feed_sources.py",
        "hashed_secret": "7277847a690bab70c1fbc5ab8eddbbcecdad996c",
        "is_verified": false,
        "line_number": 13
      }
    ],
    "migrations/versions/b7ba54d8a217_add_lang_to_daily_briefings.py": [
      {
        "type": "Hex High Entropy String",
        "filename": "migrations/versions/b7ba54d8a217_add_lang_to_daily_briefings.py",
        "hashed_secret": "e0844582613d5075ad3fc26b23cf0ddbca7a07c9",
        "is_verified": false,
        "line_number": 13
      }
    ],
    "migrations/versions/c095399af315_add_locale_to_subscribers.py": [
      {
        "type": "Hex High Entropy String",
        "filename": "migrations/versions/c095399af315_add_locale_to_subscribers.py",
        "hashed_secret": "606ba5b9fc5bfe8f4d9fe003bd1d74cc79cc8de7",
        "is_verified": false,
        "line_number": 14
      }
    ],
    "migrations/versions/c3d4e5f6a7b8_restore_runtime_schema.py": [
      {
        "type": "Hex High Entropy String",
        "filename": "migrations/versions/c3d4e5f6a7b8_restore_runtime_schema.py",
        "hashed_secret": "5f54b82127fdf5d4704c3fa47ea6efb79f16f243",
        "is_verified": false,
        "line_number": 13
      }
    ],
    "migrations/versions/c4e8f1a2b3d0_add_unsummarized_articles_index.py": [
      {
        "type": "Hex High Entropy String",
        "filename": "migrations/versions/c4e8f1a2b3d0_add_unsummarized_articles_index.py",
        "hashed_secret": "62f3a471c231d1d2aaade17eb5a902ae5bff1332",
        "is_verified": false,
        "line_number": 14
      }
    ],
    "migrations/versions/d4e5f6a7b8c9_restore_article_runtime_fields.py": [
      {
        "type": "Hex High Entropy String",
        "filename": "migrations/versions/d4e5f6a7b8c9_restore_article_runtime_fields.py",
        "hashed_secret": "9d7711abfa1f07e829f8ffd195f6679b8327ecf7",
        "is_verified": false,
        "line_number": 14
      }
    ],
    "migrations/versions/e5f6a7b8c9d0_restore_summary_runtime_fields.py": [
      {
        "type": "Hex High Entropy String",
        "filename": "migrations/versions/e5f6a7b8c9d0_restore_summary_runtime_fields.py",
        "hashed_secret": "5b8b7a611fb4d5665c9e428bee5e92a383344fd4",
        "is_verified": false,
        "line_number": 14
      }
    ],
    "migrations/versions/f631fc2a7880_add_centroid_and_category_to_cluster_.py": [
      {
        "type": "Hex High Entropy String",
        "filename": "migrations/versions/f631fc2a7880_add_centroid_and_category_to_cluster_.py",
        "hashed_secret": "1343f97a7d8d0eeca91aaaeb612917f052eb40c2",
        "is_verified": false,
        "line_number": 14
      }
    ],
    "migrations/versions/f6a7b8c9d0e1_restore_article_content.py": [
      {
        "type": "Hex High Entropy String",
        "filename": "migrations/versions/f6a7b8c9d0e1_restore_article_content.py",
        "hashed_secret": "81b9ca8522e88e586b5db203d3135d5e5a1e6e4d",
        "is_verified": false,
        "line_number": 13
      }
    ],
    "migrations/versions/h8c9d0e1f2a3_merge_public_schema_heads.py": [
      {
        "type": "Hex High Entropy String",
        "filename": "migrations/versions/h8c9d0e1f2a3_merge_public_schema_heads.py",
        "hashed_secret": "28d4b982da750a3a56ced83a31882b555d4b820a",
        "is_verified": false,
        "line_number": 15
      }
    ],
    "scripts/archive/benchmark_replica_load.py": [
      {
        "type": "Basic Auth Credentials",
        "filename": "scripts/archive/benchmark_replica_load.py",
        "hashed_secret": "2b9f63922d422a45144103186a1e036064ee2a4e",
        "is_verified": false,
        "line_number": 15
      }
    ],
    "scripts/archive/regenerate_synthesis_and_audio.py": [
      {
        "type": "Hex High Entropy String",
        "filename": "scripts/archive/regenerate_synthesis_and_audio.py",
        "hashed_secret": "cae42f72028092b329c510e39e60c483a9677448",
        "is_verified": false,
        "line_number": 54
      },
      {
        "type": "Hex High Entropy String",
        "filename": "scripts/archive/regenerate_synthesis_and_audio.py",
        "hashed_secret": "f5feef8efbfedcf4b734688cbeb95a54d0d2dcde",
        "is_verified": false,
        "line_number": 54
      }
    ]
  },
  "generated_at": "2026-10-04T12:42:37Z"
}
